[0.005s] Invoking command in '/home/prabathbk/dev_ws3/build/my_bot': /usr/bin/cmake /home/prabathbk/dev_ws3/src/my_bot -DCMAKE_INSTALL_PREFIX=/home/prabathbk/dev_ws3/install/my_bot
[0.047s] -- The C compiler identification is GNU 11.4.0
[0.091s] -- The CXX compiler identification is GNU 11.4.0
[0.095s] -- Detecting C compiler ABI info
[0.152s] -- Detecting C compiler ABI info - done
[0.159s] -- Check for working C compiler: /usr/bin/cc - skipped
[0.160s] -- Detecting C compile features
[0.160s] -- Detecting C compile features - done
[0.164s] -- Detecting CXX compiler ABI info
[0.238s] -- Detecting CXX compiler ABI info - done
[0.242s] -- Check for working CXX compiler: /usr/bin/c++ - skipped
[0.242s] -- Detecting CXX compile features
[0.243s] -- Detecting CXX compile features - done
[0.244s] -- Found ament_cmake: 1.3.9 (/opt/ros/humble/share/ament_cmake/cmake)
[0.339s] -- Found Python3: /usr/bin/python3 (found version "3.10.12") found components: Interpreter 
[0.390s] -- Found ament_lint_auto: 0.12.11 (/opt/ros/humble/share/ament_lint_auto/cmake)
[0.425s] Error parsing '/home/prabathbk/dev_ws3/src/my_bot/package.xml':
[0.450s] Traceback (most recent call last):
[0.450s]   File "/home/prabathbk/.local/lib/python3.10/site-packages/catkin_pkg/package.py", line 610, in parse_package_string
[0.450s]     root = dom.parseString(data)
[0.450s]   File "/usr/lib/python3.10/xml/dom/minidom.py", line 2000, in parseString
[0.451s]     return expatbuilder.parseString(string)
[0.451s]   File "/usr/lib/python3.10/xml/dom/expatbuilder.py", line 925, in parseString
[0.451s]     return builder.parseString(string)
[0.451s]   File "/usr/lib/python3.10/xml/dom/expatbuilder.py", line 223, in parseString
[0.451s]     parser.Parse(string, True)
[0.451s] xml.parsers.expat.ExpatError: mismatched tag: line 18, column 2
[0.451s] 
[0.451s] During handling of the above exception, another exception occurred:
[0.451s] 
[0.451s] Traceback (most recent call last):
[0.451s]   File "/opt/ros/humble/share/ament_cmake_core/cmake/core/package_xml_2_cmake.py", line 150, in <module>
[0.451s]     main()
[0.451s]   File "/opt/ros/humble/share/ament_cmake_core/cmake/core/package_xml_2_cmake.py", line 53, in main
[0.451s]     raise e
[0.451s]   File "/opt/ros/humble/share/ament_cmake_core/cmake/core/package_xml_2_cmake.py", line 49, in main
[0.451s]     package = parse_package_string(
[0.451s]   File "/home/prabathbk/.local/lib/python3.10/site-packages/catkin_pkg/package.py", line 612, in parse_package_string
[0.451s]     raise InvalidPackage('The manifest contains invalid XML:\n%s' % ex, filename)
[0.451s] catkin_pkg.package.InvalidPackage: Error(s) in package '/home/prabathbk/dev_ws3/src/my_bot/package.xml':
[0.451s] The manifest contains invalid XML:
[0.451s] mismatched tag: line 18, column 2
[0.459s] [31mCMake Error at /opt/ros/humble/share/ament_cmake_core/cmake/core/ament_package_xml.cmake:95 (message):
[0.459s]   execute_process(/usr/bin/python3
[0.459s]   /opt/ros/humble/share/ament_cmake_core/cmake/core/package_xml_2_cmake.py
[0.459s]   /home/prabathbk/dev_ws3/src/my_bot/package.xml
[0.459s]   /home/prabathbk/dev_ws3/build/my_bot/ament_cmake_core/package.cmake)
[0.459s]   returned error code 1
[0.459s] Call Stack (most recent call first):
[0.459s]   /opt/ros/humble/share/ament_cmake_core/cmake/core/ament_package_xml.cmake:49 (_ament_package_xml)
[0.459s]   /opt/ros/humble/share/ament_lint_auto/cmake/ament_lint_auto_find_test_dependencies.cmake:31 (ament_package_xml)
[0.459s]   CMakeLists.txt:32 (ament_lint_auto_find_test_dependencies)
[0.459s] 
[0.459s] [0m
[0.459s] -- Configuring incomplete, errors occurred!
[0.459s] See also "/home/prabathbk/dev_ws3/build/my_bot/CMakeFiles/CMakeOutput.log".
[0.462s] Invoked command in '/home/prabathbk/dev_ws3/build/my_bot' returned '1': /usr/bin/cmake /home/prabathbk/dev_ws3/src/my_bot -DCMAKE_INSTALL_PREFIX=/home/prabathbk/dev_ws3/install/my_bot
